
> workplus-frontend@1.0.0 build
> vite build

[36mvite v6.4.2 [32mbuilding for production...[36m[39m
transforming...
[32mÔ£ô[39m 3401 modules transformed.
rendering chunks...
node.exe : [33m[plugin vite:reporter] 
At line:1 char:1
+ & "C:\Program Files\nodejs/node.exe" "C:\Users\admin\AppData\Roaming\ ...
+ ~~~~~~~~~~~~~~~~~~~~~~~~~~~~~~~~~~~~~~~~~~~~~~~~~~~~~~~~~~~~~~~~~~~~~
    + CategoryInfo          : NotSpecified: ([33m[plugin vite:reporter] :String) [], RemoteException
    + FullyQualifiedErrorId : NativeCommandError
 
(!) C:/Users/admin/Desktop/Workplus/frontend/src/app/utils/sessionAuth.ts is dynamically imported by 
C:/Users/admin/Desktop/Workplus/frontend/src/app/components/Navbar.tsx, C:/Users/admin/Desktop/Workplus/frontend/src/app/utils/api.ts, 
C:/Users/admin/Desktop/Workplus/frontend/src/app/utils/api.ts, C:/Users/admin/Desktop/Workplus/frontend/src/app/utils/api.ts, 
C:/Users/admin/Desktop/Workplus/frontend/src/app/utils/api.ts, C:/Users/admin/Desktop/Workplus/frontend/src/app/utils/api.ts, 
C:/Users/admin/Desktop/Workplus/frontend/src/app/utils/api.ts, C:/Users/admin/Desktop/Workplus/frontend/src/app/utils/api.ts, 
C:/Users/admin/Desktop/Workplus/frontend/src/app/utils/api.ts, C:/Users/admin/Desktop/Workplus/frontend/src/app/utils/api.ts, 
C:/Users/admin/Desktop/Workplus/frontend/src/app/utils/api.ts, C:/Users/admin/Desktop/Workplus/frontend/src/app/utils/api.ts, 
C:/Users/admin/Desktop/Workplus/frontend/src/app/utils/api.ts, C:/Users/admin/Desktop/Workplus/frontend/src/app/utils/api.ts, 
C:/Users/admin/Desktop/Workplus/frontend/src/app/utils/api.ts, C:/Users/admin/Desktop/Workplus/frontend/src/app/utils/api.ts, 
C:/Users/admin/Desktop/Workplus/frontend/src/app/utils/api.ts, C:/Users/admin/Desktop/Workplus/frontend/src/app/utils/api.ts, 
C:/Users/admin/Desktop/Workplus/frontend/src/app/utils/api.ts, C:/Users/admin/Desktop/Workplus/frontend/src/app/utils/api.ts, 
C:/Users/admin/Desktop/Workplus/frontend/src/app/utils/api.ts, C:/Users/admin/Desktop/Workplus/frontend/src/app/utils/resolveEmployeeId.ts but also 
statically imported by C:/Users/admin/Desktop/Workplus/frontend/src/app/context/AuthContext.tsx, 
C:/Users/admin/Desktop/Workplus/frontend/src/app/pages/admin/AdminManagement.tsx, 
C:/Users/admin/Desktop/Workplus/frontend/src/app/pages/admin/Attendance.tsx, 
C:/Users/admin/Desktop/Workplus/frontend/src/app/pages/admin/Dashboard.tsx, 
C:/Users/admin/Desktop/Workplus/frontend/src/app/pages/admin/Departments.tsx, C:/Users/admin/Desktop/Workplus/frontend/src/app/pages/admin/Payroll.tsx, 
C:/Users/admin/Desktop/Workplus/frontend/src/app/utils/api.ts, C:/Users/admin/Desktop/Workplus/frontend/src/app/utils/apiHelper.ts, 
C:/Users/admin/Desktop/Workplus/frontend/src/app/utils/attendanceApi.ts, C:/Users/admin/Desktop/Workplus/frontend/src/app/utils/socket.ts, dynamic 
import will not move module into another chunk.
[39m
[33m[plugin vite:reporter] 
(!) C:/Users/admin/Desktop/Workplus/frontend/src/app/utils/apiHelper.ts is dynamically imported by 
C:/Users/admin/Desktop/Workplus/frontend/src/app/hooks/useDepartments.ts, C:/Users/admin/Desktop/Workplus/frontend/src/app/hooks/useDepartments.ts, 
C:/Users/admin/Desktop/Workplus/frontend/src/app/hooks/useDepartments.ts, C:/Users/admin/Desktop/Workplus/frontend/src/app/utils/api.ts, 
C:/Users/admin/Desktop/Workplus/frontend/src/app/utils/api.ts, C:/Users/admin/Desktop/Workplus/frontend/src/app/utils/api.ts, 
C:/Users/admin/Desktop/Workplus/frontend/src/app/utils/api.ts, C:/Users/admin/Desktop/Workplus/frontend/src/app/utils/api.ts, 
C:/Users/admin/Desktop/Workplus/frontend/src/app/utils/api.ts, C:/Users/admin/Desktop/Workplus/frontend/src/app/utils/api.ts, 
C:/Users/admin/Desktop/Workplus/frontend/src/app/utils/api.ts, C:/Users/admin/Desktop/Workplus/frontend/src/app/utils/api.ts, 
C:/Users/admin/Desktop/Workplus/frontend/src/app/utils/api.ts, C:/Users/admin/Desktop/Workplus/frontend/src/app/utils/api.ts, 
C:/Users/admin/Desktop/Workplus/frontend/src/app/utils/api.ts, C:/Users/admin/Desktop/Workplus/frontend/src/app/utils/api.ts, 
C:/Users/admin/Desktop/Workplus/frontend/src/app/utils/api.ts, C:/Users/admin/Desktop/Workplus/frontend/src/app/utils/api.ts, 
C:/Users/admin/Desktop/Workplus/frontend/src/app/utils/api.ts, C:/Users/admin/Desktop/Workplus/frontend/src/app/utils/api.ts, 
C:/Users/admin/Desktop/Workplus/frontend/src/app/utils/api.ts, C:/Users/admin/Desktop/Workplus/frontend/src/app/utils/api.ts, 
C:/Users/admin/Desktop/Workplus/frontend/src/app/utils/api.ts, C:/Users/admin/Desktop/Workplus/frontend/src/app/utils/clientSessionSync.ts, 
C:/Users/admin/Desktop/Workplus/frontend/src/app/utils/clientSessionSync.ts but also statically imported by 
C:/Users/admin/Desktop/Workplus/frontend/src/app/components/CompanyDocs.tsx, 
C:/Users/admin/Desktop/Workplus/frontend/src/app/components/DigitalDocumentGenerator.tsx, 
C:/Users/admin/Desktop/Workplus/frontend/src/app/components/DocumentGenerator.tsx, 
C:/Users/admin/Desktop/Workplus/frontend/src/app/components/DocumentTracking.tsx, 
C:/Users/admin/Desktop/Workplus/frontend/src/app/components/ExpenseLimitSettingsDialog.tsx, 
C:/Users/admin/Desktop/Workplus/frontend/src/app/components/HolidayCalendar.tsx, 
C:/Users/admin/Desktop/Workplus/frontend/src/app/components/InteractiveCalendar.tsx, 
C:/Users/admin/Desktop/Workplus/frontend/src/app/components/Navbar.tsx, 
C:/Users/admin/Desktop/Workplus/frontend/src/app/components/OnboardingLinkGenerator.tsx, 
C:/Users/admin/Desktop/Workplus/frontend/src/app/components/OrgRequiredNotice.tsx, 
C:/Users/admin/Desktop/Workplus/frontend/src/app/components/TeamsMessenger.tsx, 
C:/Users/admin/Desktop/Workplus/frontend/src/app/context/AuthContext.tsx, C:/Users/admin/Desktop/Workplus/frontend/src/app/context/CurrencyContext.tsx, 
C:/Users/admin/Desktop/Workplus/frontend/src/app/pages/admin/AdminManagement.tsx, 
C:/Users/admin/Desktop/Workplus/frontend/src/app/pages/admin/Announcements.tsx, 
C:/Users/admin/Desktop/Workplus/frontend/src/app/pages/admin/Assets.tsx, C:/Users/admin/Desktop/Workplus/frontend/src/app/pages/admin/Attendance.tsx, 
C:/Users/admin/Desktop/Workplus/frontend/src/app/pages/admin/AttendanceCalendar.tsx, 
C:/Users/admin/Desktop/Workplus/frontend/src/app/pages/admin/AttendanceHistory.tsx, 
C:/Users/admin/Desktop/Workplus/frontend/src/app/pages/admin/BulkOperations.tsx, 
C:/Users/admin/Desktop/Workplus/frontend/src/app/pages/admin/Dashboard.tsx, 
C:/Users/admin/Desktop/Workplus/frontend/src/app/pages/admin/Departments.tsx, 
C:/Users/admin/Desktop/Workplus/frontend/src/app/pages/admin/EmployeeCorrespondence.tsx, 
C:/Users/admin/Desktop/Workplus/frontend/src/app/pages/admin/EmployeeOnboarding.tsx, 
C:/Users/admin/Desktop/Workplus/frontend/src/app/pages/admin/Employees.tsx, C:/Users/admin/Desktop/Workplus/frontend/src/app/pages/admin/Expenses.tsx, 
C:/Users/admin/Desktop/Workplus/frontend/src/app/pages/admin/HolidayCalendar.tsx, 
C:/Users/admin/Desktop/Workplus/frontend/src/app/pages/admin/InviteManagement.tsx, 
C:/Users/admin/Desktop/Workplus/frontend/src/app/pages/admin/LeaveAllocation.tsx, 
C:/Users/admin/Desktop/Workplus/frontend/src/app/pages/admin/LeaveSettings.tsx, 
C:/Users/admin/Desktop/Workplus/frontend/src/app/pages/admin/Payroll.tsx, 
C:/Users/admin/Desktop/Workplus/frontend/src/app/pages/admin/PayrollCalculation.tsx, 
C:/Users/admin/Desktop/Workplus/frontend/src/app/pages/admin/Roles.tsx, C:/Users/admin/Desktop/Workplus/frontend/src/app/pages/admin/SalaryCycle.tsx, 
C:/Users/admin/Desktop/Workplus/frontend/src/app/pages/admin/SalaryStructure.tsx, 
C:/Users/admin/Desktop/Workplus/frontend/src/app/pages/admin/Settings.tsx, C:/Users/admin/Desktop/Workplus/frontend/src/app/pages/employee/Assets.tsx, 
C:/Users/admin/Desktop/Workplus/frontend/src/app/pages/employee/Attendance.tsx, 
C:/Users/admin/Desktop/Workplus/frontend/src/app/pages/employee/Dashboard.tsx, 
C:/Users/admin/Desktop/Workplus/frontend/src/app/pages/employee/Expenses.tsx, 
C:/Users/admin/Desktop/Workplus/frontend/src/app/pages/employee/Leave.tsx, 
C:/Users/admin/Desktop/Workplus/frontend/src/app/pages/employee/OnboardingForm.tsx, 
C:/Users/admin/Desktop/Workplus/frontend/src/app/pages/employee/Payroll.tsx, 
C:/Users/admin/Desktop/Workplus/frontend/src/app/pages/employee/Performance.tsx, 
C:/Users/admin/Desktop/Workplus/frontend/src/app/pages/employee/Profile.tsx, 
C:/Users/admin/Desktop/Workplus/frontend/src/app/pages/employee/Settings.tsx, 
C:/Users/admin/Desktop/Workplus/frontend/src/app/pages/public/OnboardingPage.tsx, 
C:/Users/admin/Desktop/Workplus/frontend/src/app/pages/sales/SalesDashboard.tsx, 
C:/Users/admin/Desktop/Workplus/frontend/src/app/pages/super-admin/Analytics.tsx, 
C:/Users/admin/Desktop/Workplus/frontend/src/app/pages/super-admin/Audit.tsx, C:/Users/admin/Desktop/Workplus/frontend/src/app/utils/attendanceApi.ts, 
C:/Users/admin/Desktop/Workplus/frontend/src/app/utils/documentFile.ts, C:/Users/admin/Desktop/Workplus/frontend/src/app/utils/expenseReceipt.ts, 
C:/Users/admin/Desktop/Workplus/frontend/src/app/utils/leaveSubmit.ts, C:/Users/admin/Desktop/Workplus/frontend/src/app/utils/resolveEmployeeId.ts, 
C:/Users/admin/Desktop/Workplus/frontend/src/app/utils/salesApi.ts, dynamic import will not move module into another chunk.
[39m
[33m[plugin vite:reporter] 
(!) C:/Users/admin/Desktop/Workplus/frontend/src/app/utils/userScopedStorage.ts is dynamically imported by 
C:/Users/admin/Desktop/Workplus/frontend/src/app/utils/attendancePersistence.ts but also statically imported by 
C:/Users/admin/Desktop/Workplus/frontend/src/app/context/AuthContext.tsx, C:/Users/admin/Desktop/Workplus/frontend/src/app/context/CurrencyContext.tsx, 
C:/Users/admin/Desktop/Workplus/frontend/src/app/pages/employee/Profile.tsx, dynamic import will not move module into another chunk.
[39m
[33m[plugin vite:reporter] 
(!) C:/Users/admin/Desktop/Workplus/frontend/src/app/utils/clientSessionSync.ts is dynamically imported by 
C:/Users/admin/Desktop/Workplus/frontend/src/app/utils/apiHelper.ts, C:/Users/admin/Desktop/Workplus/frontend/src/app/utils/sessionAccessMirror.ts, 
C:/Users/admin/Desktop/Workplus/frontend/src/app/utils/sessionAccessMirror.ts but also statically imported by 
C:/Users/admin/Desktop/Workplus/frontend/src/app/App.tsx, C:/Users/admin/Desktop/Workplus/frontend/src/app/context/AuthContext.tsx, dynamic import will 
not move module into another chunk.
[39m
[2mdist/[22m[32mindex.html                                     [39m[1m[2m  0.92 kB[22m[1m[22m
[2mdist/[22m[35massets/index--AdoAcrg.css                      [39m[1m[2m169.20 kB[22m[1m[22m
[2mdist/[22m[36massets/vendor-mui-bxqPSxEX.js                  [39m[1m[2m  0.07 kB[22m[1m[22m
[2mdist/[22m[36massets/vendor-forms-BGMCUf4t.js                [39m[1m[2m  0.07 kB[22m[1m[22m
[2mdist/[22m[36massets/useIsMounted-BuB33kQ5.js                [39m[1m[2m  0.16 kB[22m[1m[22m
[2mdist/[22m[36massets/salesApi-f_WWYFkD.js                    [39m[1m[2m  0.18 kB[22m[1m[22m
[2mdist/[22m[36massets/chevron-right-Bh8L6QO1.js               [39m[1m[2m  0.30 kB[22m[1m[22m
[2mdist/[22m[36massets/plus-DxlYEzSk.js                        [39m[1m[2m  0.33 kB[22m[1m[22m
[2mdist/[22m[36massets/x-C5z4dgVM.js                           [39m[1m[2m  0.33 kB[22m[1m[22m
[2mdist/[22m[36massets/arrow-right-C6_gLs5i.js                 [39m[1m[2m  0.34 kB[22m[1m[22m
[2mdist/[22m[36massets/circle-x-tn4hMJ-X.js                    [39m[1m[2m  0.38 kB[22m[1m[22m
[2mdist/[22m[36massets/trending-down-FE37TT2Y.js               [39m[1m[2m  0.38 kB[22m[1m[22m
[2mdist/[22m[36massets/mail-O4ookjD2.js                        [39m[1m[2m  0.38 kB[22m[1m[22m
[2mdist/[22m[36massets/Departments-CHnI-QQH.js                 [39m[1m[2m  0.39 kB[22m[1m[22m
[2mdist/[22m[36massets/laptop-D0KKHZ2g.js                      [39m[1m[2m  0.39 kB[22m[1m[22m
[2mdist/[22m[36massets/copy-DWkRaAif.js                        [39m[1m[2m  0.40 kB[22m[1m[22m
[2mdist/[22m[36massets/pen-VqbGSyXD.js                         [39m[1m[2m  0.41 kB[22m[1m[22m
[2mdist/[22m[36massets/funnel--GDkgNO7.js                      [39m[1m[2m  0.42 kB[22m[1m[22m
[2mdist/[22m[36massets/external-link-CG4TqTMn.js               [39m[1m[2m  0.42 kB[22m[1m[22m
[2mdist/[22m[36massets/map-pin-jVfPE3IW.js                     [39m[1m[2m  0.43 kB[22m[1m[22m
[2mdist/[22m[36massets/log-in-BCr0bFVc.js                      [39m[1m[2m  0.43 kB[22m[1m[22m
[2mdist/[22m[36massets/download-Be5h0CYy.js                    [39m[1m[2m  0.44 kB[22m[1m[22m
[2mdist/[22m[36massets/shield-CRcGnF_i.js                      [39m[1m[2m  0.44 kB[22m[1m[22m
[2mdist/[22m[36massets/award-gsvuVEzF.js                       [39m[1m[2m  0.44 kB[22m[1m[22m
[2mdist/[22m[36massets/image-DgG93kdq.js                       [39m[1m[2m  0.44 kB[22m[1m[22m
[2mdist/[22m[36massets/pencil-Dqskp_oo.js                      [39m[1m[2m  0.45 kB[22m[1m[22m
[2mdist/[22m[36massets/send-sjwXky7E.js                        [39m[1m[2m  0.46 kB[22m[1m[22m
[2mdist/[22m[36massets/file-up-w5H7ZXsT.js                     [39m[1m[2m  0.47 kB[22m[1m[22m
[2mdist/[22m[36massets/coffee-DPGzPi6N.js                      [39m[1m[2m  0.48 kB[22m[1m[22m
[2mdist/[22m[36massets/square-pen-Bx6wqAbx.js                  [39m[1m[2m  0.49 kB[22m[1m[22m
[2mdist/[22m[36massets/save-B7jf9suG.js                        [39m[1m[2m  0.50 kB[22m[1m[22m
[2mdist/[22m[36massets/file-spreadsheet-NNYVVpfv.js            [39m[1m[2m  0.55 kB[22m[1m[22m
[2mdist/[22m[36massets/Chat-FrheiNrF.js                        [39m[1m[2m  0.57 kB[22m[1m[22m
[2mdist/[22m[36massets/Chat-BsvPX9RI.js                        [39m[1m[2m  0.57 kB[22m[1m[22m
[2mdist/[22m[36massets/OnboardingForm-BVxAxCjc.js              [39m[1m[2m  0.61 kB[22m[1m[22m
[2mdist/[22m[36massets/calculator-Rbx-ig5H.js                  [39m[1m[2m  0.70 kB[22m[1m[22m
[2mdist/[22m[36massets/CompanyDocs-APJdFnc6.js                 [39m[1m[2m  0.72 kB[22m[1m[22m
[2mdist/[22m[36massets/CompanyDocs-DBcASEE-.js                 [39m[1m[2m  0.73 kB[22m[1m[22m
[2mdist/[22m[36massets/Chat-Dnch2yyQ.js                        [39m[1m[2m  0.81 kB[22m[1m[22m
[2mdist/[22m[36massets/users-round-CwyOPWZf.js                 [39m[1m[2m  0.86 kB[22m[1m[22m
[2mdist/[22m[36massets/checkbox-C0ma5JlR.js                    [39m[1m[2m  0.89 kB[22m[1m[22m
[2mdist/[22m[36massets/switch-CA8McSTy.js                      [39m[1m[2m  0.90 kB[22m[1m[22m
[2mdist/[22m[36massets/resolveEmployeeId-CIAM-oQm.js           [39m[1m[2m  0.91 kB[22m[1m[22m
[2mdist/[22m[36massets/popover-CCN5RqOE.js                     [39m[1m[2m  0.93 kB[22m[1m[22m
[2mdist/[22m[36massets/OrgRequiredNotice-RnfuUa0k.js           [39m[1m[2m  0.95 kB[22m[1m[22m
[2mdist/[22m[36massets/documentFile-G4a_nnIj.js                [39m[1m[2m  2.11 kB[22m[1m[22m
[2mdist/[22m[36massets/dialog-DautADUa.js                      [39m[1m[2m  2.26 kB[22m[1m[22m
[2mdist/[22m[36massets/leaveBalance-BJjdTHyb.js                [39m[1m[2m  2.43 kB[22m[1m[22m
[2mdist/[22m[36massets/useDepartments-DS3dcLBk.js              [39m[1m[2m  2.74 kB[22m[1m[22m
[2mdist/[22m[36massets/Activity-ssUET5lJ.js                    [39m[1m[2m  3.09 kB[22m[1m[22m
[2mdist/[22m[36massets/Audit-Vl9szMKc.js                       [39m[1m[2m  3.30 kB[22m[1m[22m
[2mdist/[22m[36massets/EmployeeOnboarding-Cv9o8cS6.js          [39m[1m[2m  3.67 kB[22m[1m[22m
[2mdist/[22m[36massets/Analytics-DmdrtzuM.js                   [39m[1m[2m  3.94 kB[22m[1m[22m
[2mdist/[22m[36massets/roles-DQm5B6Tt.js                       [39m[1m[2m  4.81 kB[22m[1m[22m
[2mdist/[22m[36massets/AttendanceCalendar-BbvZODPh.js          [39m[1m[2m  6.01 kB[22m[1m[22m
[2mdist/[22m[36massets/LeaveSettings-B3nFdS8u.js               [39m[1m[2m  6.13 kB[22m[1m[22m
[2mdist/[22m[36massets/Announcements-BqC1hDpu.js               [39m[1m[2m  6.17 kB[22m[1m[22m
[2mdist/[22m[36massets/InviteManagement-CxTxR7do.js            [39m[1m[2m  7.34 kB[22m[1m[22m
[2mdist/[22m[36massets/SalesDashboard-D8g6mfpR.js              [39m[1m[2m  7.45 kB[22m[1m[22m
[2mdist/[22m[36massets/Leads-DVmsJ2Fo.js                       [39m[1m[2m  8.11 kB[22m[1m[22m
[2mdist/[22m[36massets/OnboardingLinkGenerator-DmU-KLPa.js     [39m[1m[2m  8.19 kB[22m[1m[22m
[2mdist/[22m[36massets/Performance-sB5gNiJf.js                 [39m[1m[2m  8.43 kB[22m[1m[22m
[2mdist/[22m[36massets/LandingPage-a1E5ACE3.js                 [39m[1m[2m  8.55 kB[22m[1m[22m
[2mdist/[22m[36massets/BulkOperations-jPmG9bY3.js              [39m[1m[2m  8.96 kB[22m[1m[22m
[2mdist/[22m[36massets/Announcements-D8bQ55Ld.js               [39m[1m[2m  9.13 kB[22m[1m[22m
[2mdist/[22m[36massets/Organizations-CLALqXzM.js               [39m[1m[2m  9.14 kB[22m[1m[22m
[2mdist/[22m[36massets/Assets-BRR9D_h5.js                      [39m[1m[2m  9.17 kB[22m[1m[22m
[2mdist/[22m[36massets/Deals-BU9C_kPl.js                       [39m[1m[2m  9.30 kB[22m[1m[22m
[2mdist/[22m[36massets/Calls-BjVuO7Oy.js                       [39m[1m[2m  9.60 kB[22m[1m[22m
[2mdist/[22m[36massets/Settings-B5DP9Qap.js                    [39m[1m[2m  9.75 kB[22m[1m[22m
[2mdist/[22m[36massets/RoleManagement-lScuFze-.js              [39m[1m[2m 10.49 kB[22m[1m[22m
[2mdist/[22m[36massets/SalaryStructure-vRjMfLCl.js             [39m[1m[2m 11.16 kB[22m[1m[22m
[2mdist/[22m[36massets/ExpenseLimitSettingsDialog-MnGKoD1_.js  [39m[1m[2m 11.24 kB[22m[1m[22m
[2mdist/[22m[36massets/Roles-MHiWtrLC.js                       [39m[1m[2m 11.30 kB[22m[1m[22m
[2mdist/[22m[36massets/LeaveRequests-BPvhheBp.js               [39m[1m[2m 11.37 kB[22m[1m[22m
[2mdist/[22m[36massets/Attendance-BDca1YKF.js                  [39m[1m[2m 11.88 kB[22m[1m[22m
[2mdist/[22m[36massets/table-hkEJULgq.js                       [39m[1m[2m 12.39 kB[22m[1m[22m
[2mdist/[22m[36massets/AdminManagement-BhIYUg-M.js             [39m[1m[2m 12.81 kB[22m[1m[22m
[2mdist/[22m[36massets/SalaryCycle-CZg5qGb2.js                 [39m[1m[2m 13.60 kB[22m[1m[22m
[2mdist/[22m[36massets/Settings-M-Geca7y.js                    [39m[1m[2m 14.58 kB[22m[1m[22m
[2mdist/[22m[36massets/LeaveAllocation-Bd4WYmxl.js             [39m[1m[2m 15.49 kB[22m[1m[22m
[2mdist/[22m[36massets/PayrollCalculation-nU9dd2Dm.js          [39m[1m[2m 15.76 kB[22m[1m[22m
[2mdist/[22m[36massets/Payroll-l1YHbdxu.js                     [39m[1m[2m 17.44 kB[22m[1m[22m
[2mdist/[22m[36massets/EmployeeCorrespondence-Gi2A4HDq.js      [39m[1m[2m 17.69 kB[22m[1m[22m
[2mdist/[22m[36massets/OnboardingForm-D47Ccess.js              [39m[1m[2m 18.50 kB[22m[1m[22m
[2mdist/[22m[36massets/AttendanceHistory-DEAnu2T6.js           [39m[1m[2m 18.73 kB[22m[1m[22m
[2mdist/[22m[36massets/Departments-B4YHaksB.js                 [39m[1m[2m 19.02 kB[22m[1m[22m
[2mdist/[22m[36massets/HolidayCalendar-CSDakXDI.js             [39m[1m[2m 19.43 kB[22m[1m[22m
[2mdist/[22m[36massets/Employees-Dvp0I1la.js                   [39m[1m[2m 24.53 kB[22m[1m[22m
[2mdist/[22m[36massets/Leave-auC0LYPS.js                       [39m[1m[2m 25.09 kB[22m[1m[22m
[2mdist/[22m[36massets/vendor-utils-UivQdTsC.js                [39m[1m[2m 25.59 kB[22m[1m[22m
[2mdist/[22m[36massets/Users-CcKL6B36.js                       [39m[1m[2m 26.45 kB[22m[1m[22m
[2mdist/[22m[36massets/Attendance-CN3ZpFx6.js                  [39m[1m[2m 26.68 kB[22m[1m[22m
[2mdist/[22m[36massets/Dashboard-Df91nAID.js                   [39m[1m[2m 26.75 kB[22m[1m[22m
[2mdist/[22m[36massets/Dashboard-D_Ae2ZAB.js                   [39m[1m[2m 27.57 kB[22m[1m[22m
[2mdist/[22m[36massets/Expenses-B7RmEI_w.js                    [39m[1m[2m 28.13 kB[22m[1m[22m
[2mdist/[22m[36massets/Assets-8ajKjLJn.js                      [39m[1m[2m 29.60 kB[22m[1m[22m
[2mdist/[22m[36massets/Expenses-2bcIcYh2.js                    [39m[1m[2m 32.40 kB[22m[1m[22m
[2mdist/[22m[36massets/Payroll-Dx_3cRUT.js                     [39m[1m[2m 41.82 kB[22m[1m[22m
[2mdist/[22m[36massets/CompanyDocs-1DQ32bV4.js                 [39m[1m[2m 46.09 kB[22m[1m[22m
[2mdist/[22m[36massets/TeamsMessenger-MKWj5BS7.js              [39m[1m[2m 50.33 kB[22m[1m[22m
[2mdist/[22m[36massets/Profile-CjnYUZ3x.js                     [39m[1m[2m 51.16 kB[22m[1m[22m
[2mdist/[22m[36massets/Dashboard-BKRFJS-U.js                   [39m[1m[2m 53.74 kB[22m[1m[22m
[2mdist/[22m[36massets/vendor-react-B8xG78oE.js                [39m[1m[2m 95.30 kB[22m[1m[22m
[2mdist/[22m[36massets/vendor-motion-CMtd3kZQ.js               [39m[1m[2m118.53 kB[22m[1m[22m
[2mdist/[22m[36massets/vendor-ui-vICIqeiC.js                   [39m[1m[2m259.50 kB[22m[1m[22m
[2mdist/[22m[36massets/index-BebXF5cb.js                       [39m[1m[2m261.92 kB[22m[1m[22m
[2mdist/[22m[36massets/vendor-charts-XLLMnIeP.js               [39m[1m[2m443.23 kB[22m[1m[22m
[2mdist/[22m[36massets/LandingScene-BUJLBwtM.js                [39m[1m[2m828.82 kB[22m[1m[22m
[32mÔ£ô built in 13.30s[39m
